c:\users\bogdan\downloads\stegano\opencvapplication-vs2022_ocv490_basic\opencvap.32a91de2\x64\debug\opencvapplication.pch
c:\users\bogdan\downloads\stegano\opencvapplication-vs2022_ocv490_basic\opencvap.32a91de2\x64\debug\vc143.pdb
c:\users\bogdan\downloads\stegano\opencvapplication-vs2022_ocv490_basic\opencvap.32a91de2\x64\debug\vc143.idb
c:\users\bogdan\downloads\stegano\opencvapplication-vs2022_ocv490_basic\opencvap.32a91de2\x64\debug\stdafx.obj
c:\users\bogdan\downloads\stegano\opencvapplication-vs2022_ocv490_basic\opencvap.32a91de2\x64\debug\wow.obj
c:\users\bogdan\downloads\stegano\opencvapplication-vs2022_ocv490_basic\opencvap.32a91de2\x64\debug\stegoresults.obj
c:\users\bogdan\downloads\stegano\opencvapplication-vs2022_ocv490_basic\opencvap.32a91de2\x64\debug\stegano.obj
c:\users\bogdan\downloads\stegano\opencvapplication-vs2022_ocv490_basic\opencvap.32a91de2\x64\debug\pvd.obj
c:\users\bogdan\downloads\stegano\opencvapplication-vs2022_ocv490_basic\opencvap.32a91de2\x64\debug\lsb.obj
c:\users\bogdan\downloads\stegano\opencvapplication-vs2022_ocv490_basic\opencvap.32a91de2\x64\debug\helper.obj
c:\users\bogdan\downloads\stegano\opencvapplication-vs2022_ocv490_basic\opencvap.32a91de2\x64\debug\dwt.obj
c:\users\bogdan\downloads\stegano\opencvapplication-vs2022_ocv490_basic\opencvap.32a91de2\x64\debug\common.obj
c:\users\bogdan\downloads\stegano\opencvapplication-vs2022_ocv490_basic\x64\debug\opencvapplication.pdb
c:\users\bogdan\downloads\stegano\opencvapplication-vs2022_ocv490_basic\opencvap.32a91de2\x64\debug\opencvap.32a91de2.tlog\cl.command.1.tlog
c:\users\bogdan\downloads\stegano\opencvapplication-vs2022_ocv490_basic\opencvap.32a91de2\x64\debug\opencvap.32a91de2.tlog\cl.read.1.tlog
c:\users\bogdan\downloads\stegano\opencvapplication-vs2022_ocv490_basic\opencvap.32a91de2\x64\debug\opencvap.32a91de2.tlog\cl.write.1.tlog
c:\users\bogdan\downloads\stegano\opencvapplication-vs2022_ocv490_basic\opencvap.32a91de2\x64\debug\opencvap.32a91de2.tlog\link-cvtres.read.1.tlog
c:\users\bogdan\downloads\stegano\opencvapplication-vs2022_ocv490_basic\opencvap.32a91de2\x64\debug\opencvap.32a91de2.tlog\link-cvtres.write.1.tlog
c:\users\bogdan\downloads\stegano\opencvapplication-vs2022_ocv490_basic\opencvap.32a91de2\x64\debug\opencvap.32a91de2.tlog\link-rc.read.1.tlog
c:\users\bogdan\downloads\stegano\opencvapplication-vs2022_ocv490_basic\opencvap.32a91de2\x64\debug\opencvap.32a91de2.tlog\link-rc.write.1.tlog
c:\users\bogdan\downloads\stegano\opencvapplication-vs2022_ocv490_basic\opencvap.32a91de2\x64\debug\opencvap.32a91de2.tlog\link.command.1.tlog
c:\users\bogdan\downloads\stegano\opencvapplication-vs2022_ocv490_basic\opencvap.32a91de2\x64\debug\opencvap.32a91de2.tlog\link.read.1.tlog
c:\users\bogdan\downloads\stegano\opencvapplication-vs2022_ocv490_basic\opencvap.32a91de2\x64\debug\opencvap.32a91de2.tlog\link.read.2.tlog
c:\users\bogdan\downloads\stegano\opencvapplication-vs2022_ocv490_basic\opencvap.32a91de2\x64\debug\opencvap.32a91de2.tlog\link.read.3.tlog
c:\users\bogdan\downloads\stegano\opencvapplication-vs2022_ocv490_basic\opencvap.32a91de2\x64\debug\opencvap.32a91de2.tlog\link.read.4.tlog
c:\users\bogdan\downloads\stegano\opencvapplication-vs2022_ocv490_basic\opencvap.32a91de2\x64\debug\opencvap.32a91de2.tlog\link.read.5.tlog
c:\users\bogdan\downloads\stegano\opencvapplication-vs2022_ocv490_basic\opencvap.32a91de2\x64\debug\opencvap.32a91de2.tlog\link.read.6.tlog
c:\users\bogdan\downloads\stegano\opencvapplication-vs2022_ocv490_basic\opencvap.32a91de2\x64\debug\opencvap.32a91de2.tlog\link.write.1.tlog
